Gabriella_by.1
Gabriella_by
Gabriellaby1
NLukya1983
NLukya1983
N.Lukya.1983
N.L1983
Lukya.N1983
Lukya83N
1983N.Lukya
NL1983yaku
Lukyana83N
Nyakul1983
83NLukya
Lukianov
LukiAnov
L.u.k.i.a.n.o.v
Luki1983anov
NovLukian
Kiano_vlu
Lukia83nov
AnovLuki
L.novukia
Vokialun
Luki1983anov
LukiAnov1983
LukiAnov83
Luki83anov
1983LukiAnov
AnovLuki1983
Luki1983ovna
83LukiAnov
Anov1983Luki
LukiAn83ov
Luki83anov
LukiAnov83
LukiAn83ov
Luki83ovna
83LukiAnov
AnovLuki83
LukiAn83von
83Lanovuki
Anov83Luki
L83anovuki
LukiAnov38
AnovLuki38
83LukiAnov
Luki83von
Luki38anov
AnovLuki3
38LukiAnov
AnovL83uki
An38ovLuki
83LukiAnvo
Luki3anov8
AnovLuki83
LukiAn8ov3
LukiAnvo83
Luki8anov3
83AnovLuki
LukiAno83v
8Lkanovui
AnovLuki38
LukiAnv3o8
Luki8anov3
Anov38Luki
LukiAnv38o
LukiAno3v8
Luk
Zadhaluk
Adalukya
NadeLuka
Dezhaluk
LukaNade
HadeLuka
Zanahdua
AdeLukya
AnkaLuda
Zedanuka
Nadezuka
Lukynova
ZadeaNuk
LukaDane
Hanaluda
ZukyaNad
Hadeluka
Zanukyal
Zanaduke
Nadezalu
Lukhnada
Nadyaluk
Ahadanuk
Zadynuak
Lukyalna
Nadezhdu
Halanuka
Kadezhan
Adazulok
Uanodehk
Lukazaed
Lukaaned
Lukaonah
Nadelazo
Zadekhna
Nakhdeua
Aduhanok
Lakazond
Hadeokan
Adekaznu
Adukayon
Zukhalan
Anaodekl
Hadealuk
Nadezolo
Lukanode
Duhnalez
Lukaaznd
Zuknalad
Nadia1983
Zakh1983
Adan1983
Nade1983
Dezh1983
Luky1983
Nade1983a
Luky1983a
Zhda1983
Yan1983
Nady1983
Luky1983n
Na1983da
Luka1983
Yan1983a
Dezh1983a
Zhda1983l
Lukya1983
Yad1983a
Nade1983l
Luky1983n
De1983na
Luky1983a
Dan1983a
Hda1983l
Luka1983n
Zha1983n
Nad1983a
Luk1983y
Yan1983l
Luk1983a
Luky1983o
Nade1983o
Luk1983n
Nad1983l
Zha1983d
Luk1983l
Hda1983n
Luk1983y
Luky1983l
Nade1983y
Luka1983o
Luka1983l
Luky1983n
Nade1983n
Zhda1983y
Nade1983v
Nade1983i
Nade1983a
Luka1983v
Надежда
Лукьяна
Вадежда
Лянадах
Ладежду
Надажду
Деждана
Люяжков
Аданежд
Ланавод
Надежук
Лакедан
Андажек
Леяджко
Луякодн
Дажевна
Вадянул
Люкнажд
Ладжену
Луядане
Вуляжан
Людахан
Нажукля
Ляновад
Аджанлу
Ладжкое
Алуджан
Ладанух
Аджелюк
Лакоден
Ляваджо
Лукадан
Надукел
Люлежка
Лаянеду
Ляжнауд
Лувдане
Ладанюк
Леданух
Луедякн
Лелядну
Люканод
Лажноее
Ляданов
Луанеда
Люданах
Лэвандж
Ладжена
Лукнядо
Леядука
Надяна
Лукяда
Ляднова
Даналя
Джанов
Аделька
Лувянда
Наделюк
Надъяло
Лядаев
Надуня
Лалюк
Далянов
Луведя
Лянеда
Янада
Ланюков
Лодаля
Янова
Вадна
Ладаля
ЛаЯда
Лунада
Яновда
Людян
Аневда
Лувяно
Юкянов
Надка
Яданов
Луядев
Лоянда
Лалук
Дадяна
Лядан
Луонав
Джанда
Ладян
ЯваЯн
Люкед
Деядн
Ванда
Луянов
Ладева
Ланов
Лукоян
Дядана
Люкноя
Ялана
Данев
Nadezh
Lukyan
Nova83
Zhda19
Lukyan
Dy1983
Nade19
Nova83
Lukyan
DaLuky
Ana198
Zhda83
Luky19
Nova19
Da1983
Nade19
Luky83
Nova19
Da1983
Nade19
Luky83
Nova19
Da1983
Nade19
Luky83
Nova19
Da1983
Nade19
Luky83
Nova19
Da1983
Nade19
Luky83
Nova19
Da1983
Nade19
Luky83
Nova19
Da1983
Nade19
Luky83
Nova19
Da1983
Nade19
Luky83
Nova19
Da1983
Nade19
Luky83
Nova19
Nade83
Zhda19
Lukyan
Nove83
Dahan9
Nade19
Luky83
Nova83
Da1983
Nade19
Luky19
Nova83
Da1983
Nade19
Luky83
Nova83
Da1983
Nade19
Luky83
Nova83
Da1983
Nade19
Luky83
Nova83
Da1983
Nade19
Luky83
Nova83
Da1983
Nade19
Luky83
Nova83
Da1983
Nade19
Luky83
Nova83
Da1983
Nade19
Luky83
Nova83
Da1983
Nade19
Luky83
Nova83
Da1983
Nade19
Luky83
Nova83
Da1983
Nade19
Ze1983
Luky19
Nova19
Da1983
Nade19
Luky83
Nova83
Da1983
Nade19
Luky83
Nova83
Da1983
Nade19
Luky83
Nova83
Da1983
Nade19
Luky83
Nova83
Da1983
Nade19
Luky83
Nova83
Da1983
Nade19
Luky83
Nova83
Da1983
Nade19
Luky83
Nova83
Da1983
Nade19
Luky83
Nova83
Da1983
Nade19
Luky83
Nova83
Da1983
Nade19
Luky83
Nova83
Da1983
Nade19
Luky83
Nova83
Da1983
Nade19
Luky83
Nadeluky
Zhdayano
Lukyanov
Nove1983
Dahanade
Nadeluka
Lukya983
Nova1983
DaLukyan
Nadeluka
Lukya983
Nova1983
DaLukyan
Nadeluka
Lukya983
Nova1983
DaLukyan
Nadeluka
Lukya983
Nova1983
DaLukyan
Nadeluka
Lukya983
Nova1983
DaLukyan
Nadeluka
Lukya983
Nova1983
DaLukyan
Nadeluka
Lukya983
Nova1983
DaLukyan
Nadeluka
Lukya983
Nova1983
DaLukyan
Nadeluka
Lukya983
Nova1983
DaLukyan
Nadeluka
Lukya983
Nova1983
DaLukyan
Nadeluka
Lukya983
Nova1983
DaLukyan
Nadeluka
Zhda1983
Lukyaone
Nadeluka
Nova1983
DaLukyan
Nadeluka
Lukya983
Nova1983
DaLukyan
Nadeluka
Lukya983
Nova1983
DaLukyan
Nadeluka
Lukya983
Nova1983
DaLukyan
Nadeluka
Lukya983
Nova1983
DaLukyan
Nadeluka
Lukya983
Nova1983
DaLukyan
Nadeluka
Lukya983
Nova1983
DaLukyan
Nadeluka
Lukya983
Nova1983
DaLukyan
Nadeluka
Lukya983
Nova1983
DaLukyan
Nadeluka
Lukya983
Nova1983
DaLukyan
Nadeluka
Lukya983
Nova1983
DaLukyan
Nadeluka
Lukya983
Nova1983
DaLukyan
Nadeluka
Zhda1009
Lukyanov
Nove1983
Dahanade
Nadeluka
Lukya100
Nova1983
DaLukyan
Nadeluka
Lukya100
Nova1983
DaLukyan
Nadeluka
Lukya100
Nova1983
DaLukyan
Nadeluka
Lukya100
Nova1983
DaLukyan
Nadeluka
Lukya100
Nova1983
DaLukyan
Nadeluka
Lukya100
Nova1983
DaLukyan
Nadeluka
Lukya100
Nova1983
DaLukyan
Nadeluka
Lukya100
Nova1983
DaLukyan
Nadeluka
Lukya100
Nova1983
DaLukyan
Nadeluka
Lukya100
Nova1983
DaLukyan
Nadeluka
Lukya100
Nova1983
DaLukyan
Nadeluka
Zhda0919
Lukya100
Nadeluka
Nova1983
DaLukyan
Nadeluka
Lukya100
Nova1983
DaLukyan
Nadeluka
Lukya100
Nova1983
DaLukyan
Nadeluka
Lukya100
Nova1983
DaLukyan
Nadeluka
Lukya100
Nova1983
DaLukyan
Nadeluka
Lukya100
Nova1983
DaLukyan
Nadeluka
Lukya100
Nova1983
DaLukyan
Nadeluka
Lukya100
Nova1983
DaLukyan
Nadeluka
Lukya100
Nova1983
DaLukyan
Nadeluka
Lukya100
Nova1983
DaLukyan
Nadeluka
Lukya100
Nova1983
DaLukyan
Nadeluka
Lukya100
Nova1983
DaLukyan
Nadeluka
Nadezhda
Lukyanov
10091983
adaNadez
hdaLukya
novLukya
1009Nade
dezhdaLu
kyano100
191983Na
adezhdaL
ukyanova
1009adez
dezhdaLu
kyanova1
91983Nad
adaNadez
hdaLukya
novLukya
1009Nade
dezhdaLu
kyano100
191983Na
adezhdaL
ukyanova
1009adez
dezhdaLu
kyanova1
91983Nad
adaNadez
hdaLukya
novLukya
1009Nade
dezhdaLu
kyano100
191983Na
adezhdaL
ukyanova
1009adez
dezhdaLu
kyanova1
91983Nad
adaNadez
hdaLukya
novLukya
1009Nade
dezhdaLu
kyano100
191983Na
adezhdaL
ukyanova
1009adez
dezhdaLu
kyanova1
91983Nad
adaNadez
hdaLukya
novLukya
1009Nade
dezhdaLu
kyano100
191983Na
adezhdaL
ukyanova
1009adez
dezhdaLu
kyanova1
91983Nad
adaNadez
hdaLukya
novLukya
1009Nade
dezhdaLu
kyano100
191983Na
adezhdaL
ukyanova
1009adez
dezhdaLu
kyanova1
91983Nad
adaNadez
hdaLukya
novLukya
1009Nade
dezhdaLu
kyano100
191983Na
adezhdaL
ukyanova
1009adez
dezhdaLu
kyanova1
91983Nad
adaNadez
hdaLukya
novLukya
1009Nade
dezhdaLu
kyano100
Lukyanov
10091983
adaNadez
hdaLukya
novLukya
1009Nade
dezhdaLu
kyano100
191983Na
adezhdaL
ukyanova
1009adez
dezhdaLu
kyanova1
91983Nad
adaNadez
hdaLukya
novLukya
1009Nade
dezhdaLu
kyano100
191983Na
adezhdaL
ukyanova
1009adez
dezhdaLu
kyanova1
91983Nad
adaNadez
hdaLukya
novLukya
1009Nade
dezhdaLu
kyano100
191983Na
adezhdaL
ukyanova
1009adez
dezhdaLu
kyanova1
91983Nad
adaNadez
hdaLukya
novLukya
1009Nade
dezhdaLu
kyano100
191983Na
adezhdaL
Lukyanov
1983Nade
aLukyan
83Nadezh
Lukyanov
Nadezhda
Nade1983
yanova19
zhdaLuky
83Lukyan
Nadezhda
Lukyanov
Lukyanov
Nadezhda
yanova19
1983Nade
Lukyanov
aLukyan
Nadezhda
83Nadezh
Lukyanov
Nade1983
zhdaLuky
83Lukyan
Nadezhda
Lukyanov
Lukyanov
Nadezhda
yanova19
1983Nade
Lukyanov
aLukyan
Nadezhda
83Nadezh
Lukyanov
Nade1983
zhdaLuky
83Lukyan
Nadezhda
Lukyanov
Lukyanov
Nadezhda
yanova19
1983Nade
Lukyanov
aLukyan
Nadezhda
83Nadezh
Lukyanov
Lukyan
1983Na
aLukya
83Nade
zhdaLu
yanova
19Nade
Nadezh
Lukyan
a1983N
yanova
Nadezh
83Luky
19Nade
yanova
Lukyan
aLukya
Nadezh
Lukyan
83Nade
zhdaLu
19Nade
Nadezh
a1983N
yanova
Lukyan
83Luky
Nadezh
Lukyan
19Nade
aLukya
Nadezh
83Nade
zhdaLu
Lukyan
a1983N
Nadezh
yanova
83Luky
19Nade
Nadezh
Lukyan
aLukya
83Nade
zhdaLu
19Nade
Nadezh
a1983N
yanova
NadiaL
Lukyan
1983Na
iaLuky
83Nadi
aLukya
nova19
NadiaL
Lukyan
1983Na
iaLuky
83Nadi
aLukya
nova19
NadiaL
Lukyan
1983Na
iaLuky
83Nadi
aLukya
nova19
NadiaL
Lukyan
1983Na
iaLuky
83Nadi
aLukya
nova19
NadiaL
Lukyan
1983Na
iaLuky
83Nadi
aLukya
nova19
NadiaL
Lukyan
1983Na
iaLuky
83Nadi
aLukya
nova19
NadiaL
Lukyan
1983Na
iaLuky
83Nadi
aLukya
nova19
NadiaL
NadiaL
Lukyan
ova
aynova
DiaLuk
Lukyan
vaNadi
kyanov
NadiaL
Lukyan
ovaDia
nyanov
aLukya
DiaLuk
Lukyan
vaNadi
kyanov
NadiaL
Lukyan
ovaDia
nyanov
aLukya
DiaLuk
Lukyan
vaNadi
kyanov
NadiaL
Lukyan
ovaDia
nyanov
aLukya
DiaLuk
Lukyan
vaNadi
kyanov
NadiaL
Lukyan
ovaDia
nyanov
aLukya
DiaLuk
Lukyan
vaNadi
kyanov
NadiaL
Lukyan
ovaDia
nyanov
aLukya
DiaLukNadias
obolko
sobolk
koNadi
asobol
bolkoN
iasobo
sNadia
obolko
sobolk
koNadi
asobol
bolkoN
iasobo
sNadia
obolko
sobolk
koNadi
asobol
bolkoN
iasobo
sNadia
obolko
sobolk
koNadi
asobol
bolkoN
iasobo
sNadia
obolko
sobolk
koNadi
asobol
bolkoN
iasobo
sNadia
obolko
sobolk
koNadi
asobol
bolkoN
iasobo
sNadia
obolko
sobolk
koNadi
asobol
bolkoN
iasobo
sNadia
119835
das938
3o81Na
s0boli
1938di
ob3Nai
ko1983
ia8sob
9881No
lasoki
3ia0bo
3901sd
o3ko98
di8ao1
soai3b
11l53c
bosk0a
8iaos1
981Ndo
kl8sai
35a1bo
8obo3N
1osoai
nl3i8a
a090di
1sko3b
98ai3s
kolos9
091soa
sok38i
o1iabd
s98aoi
k3oblo
1N0i9a
ilaos3
o311ib
si9a0b
aob381
98si0a
iokas3
3oab81
100Ndi
dob81s
i9o3as
asi381
3ao19i
b8os3a
938d1i
oi3asb
81aon3
3ва38ноя
Лкыв198а
ёуж8дноВ
ЛН983оваж
198уоюдык
Лад903яёв
веоnkвьдa
Лнк83ваюа
явонкЛул1983
яdё91Куонавл
вй1Лкaндоу8
8ояяуЛand139
91ёодяуЛвн8
ЛЛ983юонаквд
aоу97ХлоДВкн
няЛуч8а198оН
Лу81ёкоНо9вда
д328ояЛЮакна
о3оявЛ1юкнд8
ЁуВнд81Лнкаво
198оя92аЛнувк
няудЛво1к8аН
8уякодЛнаяв3
вв1у3НЛаюокд8
Лй1у8аоядНвк
983аяНлоВкуд1
Ё7о88Л9ндаувк
Л1ё98одаюнvк8
вуН937Лкдо1яа
Ляо81дНукнвв8
Лк7од198яаНву
вюу938йкоанЛд
8дуоя91ЮнЛвкад
Н9ёа1нвдока8Л
Лодуя8нНквва3
Л891ванокю8д3
нЛуя8юоН9кдв1
дНул281оёkЯвд
8кouvдоёНяля1
аЛак938лНю1во
983ЮкдНаквя он
дЛв981оюааНк
кануоЛ3319двЁ
я9Лк81начудвоН
3кя78НлвдоаюЁ
внёлокЛядu3в9
й39к8ЛыавНоду
317ЛюкоНдав98
оня1эЛ9дакю8в
ЯндаоувЛак189
Ля909нкова
Л78ан9дяоа
198а3ёовуЛнк
коялн8Ла93в9
Лква898анёу3
Льыв3ундкоА1
яНв1дк8Ёао93
овкдяЛ198983
Лдкоё9н71ваН
Лядкоу198нва
Ё90вак8адунл
Л9ао189юнкдв
Л71якдоду8вн
Л789одняукяв
8ак1вюodнЯЛ9
о1вёЛдк9аН83
Лн87289ояква
долв198Нкауы
н8кв3вюЛоАда
8кюя18Но9вкаЛ
а цК983ндавй
1юандЛ8квоНя
Л3як9аоо71внд
Нкд987ояюЛва3
ЛКдя9уонв8а1
Лкдякоов71На8
81Л89оюкв3ндя
Л1вандюо80ка9
Ляовня1к9ду8
Л9ао187явнукд
Нк185оявдлау
Л79нявакду8оН
198Лю3овадкн
Ло89ню31кдваН
Л198енак567да
Лк79во1дяЁан8
ННкоявдн8алу
ЛквЛы138андо
1985кНоявьюлд
Лун89вякдо1а
ЛкН91ояа8вуд
НкЛю8719доав
ад9явкнок8уЛ
Л798юакНв3до1
1я987ванЛкдоё
ЛНкёо19юа8дв
Лнадкю198Ва
Ло179юаакНдв
ЛоЛ3291кдвюа
19двЛюккНояа
Лдня891ав8коН
Л8оку91аднвя
ЛёН3дкв9аяо81
в8ёд9Лк1аНой
Л1к5ун7оН9дя8
аоЛ897яквнуд3
Лонау1кдв983я
Люкав897дНо1
Л1коядвуН89я
вк713дЛОюан98
Л3ав835юдонкя
Л98оунЯд361вк
Ляк89ок9вНад3
Лй108аку9Ндов
Лв9а8Ндюк1коН
Лкда863внЯо91
зкёюн197ЯводЛ
ЛД83ю9каовн1
Накв1338юЛо1д
Л1uoдж9ёНаквя
Л9аНй17кудво
Л188оя9вНакду
Лкяд9вуо731ан
Л91ндВюаккоН
Ля31онд8вкаН
Лак9дя197увНв
31ЛкквоюаН89
19юкЛ3вдкаон
ЛдНвкку81аНо
Лакд189оо3нйв
кядол197вкЛюН
1ё179юВкав51н
Лё78амкVoа1н
ЛуявводН19к8а
ЛвН1юод9кяк8а
Луа5йв869Нокд
Лкв7одани8я9Ё
Л1а9к53вюН Йд
ЛЯвЛ128онад9к
Л18о9явю\uD83D\uDE0Aда
ЛоЛ8я2вью1кН9
Л91кв_AURAдю8
сок198НяЛвЙад
1ё녀19까Л두가
з8ноая9Лк1вюд
9Лвопкя71а8Нд
ЛН19вюЯакл1од
Л1ауквд8йоНя9
Лk71ноюдваЛ89
Лад98юы1внкоН
НадяЛукь
Надя1983
Лукь1983
Лукьянов
Лукья1983
Лукова19
Янова198
Янова83
Лукиян19
Лукиянов
НадяЛукь
Надя1983
Лукь1983
Лукьянов
Лукья1983
Лукова19
Янова198
Янова83
Лукиян19
Лукиянов
Лянова19
Лянова83
Надь1983
Надьяно19
Надяна83
Лукяно19
Лукянов
Лукя1983
Лукянова
Лукова19
Нова1983
Нова19
Нова83
Дян1983
Дянова19
Дянова83
ЛЯНОВА19
ЛЯНОВА83
НЯНОВА19
НЯНОВА83
Лья1983
Льянова
Льяно19
Льяно83
Дюкян19
Дюкянов
Дюкя1983
Дюкянова
Анова19
Анова83
Люкяно19
Люкянов
Люкя1983
Люкянова
Лукно19
Лукно83
Нянова19
Нянова83
Нюкян19
Нюкянов
Надежда
Лукьяно
Ва1983
Лукьяно8
Надежда
Ва1983
Надеж8
Лукья94
Надежда
Лукьян198
Лукьяno19
Надежда
Лукьян83
Лукь8
Надежда
Лукьяно19
Ва1983
Надежда
Лукьянов
Надежда
Лукья19
Лукьянова
Ва1983
Надежда
Лукья198
Лук8
Надежда
Лукьянова
Ва19
Надежда
Лукьяно83
Лукя1983
Надежда
Лук8
Лукья19
Ва1983
Надежда
Лукьяно19
Лукянова
Надежда
Лукьян198
Лукь8
Надежда
Лукьяno19
Лукя19
Надежда
Лукьянов
Ва1983
Надежда
Лукья199
nadiasob
sobolko1
asobolko
nadiasob
sobolk83
asobolko
nadias83
sobolko1
asobolko
nadiasob
sobolko1
asobolko
nadiasob
sobolko1
asobolko
nadiasob
sobolk83
asobolko
nadias83
sobolko1
asobolko
nadiasob
sobolko1
asobolko
nadiasob
sobolko1
asobolko
nadiasob
sobolk83
asobolko
nadias83
sobolko1
asobolko
nadiasob
sobolko1
asobolko
nadiasob
sobolko1
asobolko
nadiasob
sobolk83
asobolko
nadias83
sobolko1
asobolko
nadiasob
sobolko1
asobolko
nadiasob
sobolko1
Nadezhd
aLukyano
va1983Na
dezhdaLu
kyanova1
983Nadez
hdaLukya
nova1983
Nadezhda
Lukyanov
a1983Nad
ezhdaLuk
yanova19
83Nadezh
daLukyan
ov1983Na
ezhdLuky
anova198
3Nadezhd
aLukyano
va1983Na
dezhdaLu
kyanova1
983Nadez
hdaLukya
nova1983
Nadezhda
Lukyanov
a1983Nad
ezhdaLuk
yanova19
83Nadezh
daLukyan
ov1983Na
ezhdLuky
anova198
3Nadezhd
aLukyano
va1983Na
dezhdaLu
kyanova1
983Nadez
hdaLukya
nova1983
Nadezhda
Lukyanov
a1983Nad
ezhdaLuk
yanova19
83Nadezh
NadiaLuk
yanova19
83NadiaL
ukyanova1
983Nadia
Lukyanov
a1983Nad
iaLukyan
ova1983Na
Nadia
Lukyanov
a1983Nad
iaLukyan
ova1983Na
Nadia
Lukyanov
a1983Nad
iaLukyan
ova1983Na
Nadia
Lukyanov
a1983Nad
iaLukyan
ova1983Na
Nadia
Lukyanov
a1983Nad
iaLukyan
ova1983Na
Nadia
Lukyanov
a1983Nad
iaLukyan
ova1983Na
Nadia
Lukyanov
a1983Nad
iaLukyan
ova1983Na
Nadia
Lukyanov
a1983Nad
iaLukyan
ova1983Na
Nadia
Lukyanov
a1983Nad
iaLukyan
ova1983Na
Nadia
NadinLuk
yanova19
83NadinL
ukyanova
Nadin198
3Lukyan
ova1983N
adinLuky
anova198
3NadinLu
kyanova1
983Nadin
Lukyanov
a1983Nad
inLukyan
ova1983N
NadinLuk
yanova19
83NadinL
ukyanova
Nadin198
3Lukyan
ova1983N
adinLuky
anova198
3NadinLu
kyanova1
983Nadin
Lukyanov
a1983Nad
inLukyan
ova1983N
NadinLuk
yanova19
83NadinL
ukyanova
Nadin198
3Lukyan
ova1983N
adinLuky
anova198
3NadinLu
kyanova1
983Nadin
Lukyanov
a1983Nad
inLukyan
ova1983N
NadinLuk
yanova19
19Lukyan
983Lukya
yanov198
3Lukyano
v1983Luk
Lukyanov
983yanov
Luky1983
anov1983L
yano1983
3Lukyano
v1983Luk
ukyanov1
983Lukya
yanov198
1983Luky
anov1983L
yano1983
3Lukyano
v1983Luk
ukyanov1
983Lukya
yanov198
1983Luky
anov1983L
yano1983
3Lukyano
v1983Luk
ukyanov1
983Lukya
yanov198
1983Luky
anov1983L
yano1983
3Lukyano
v1983Luk
ukyanov1
983Lukya
yanov198
1983Luky
anov1983L
yano1983
3Lukyano
v1983Luk
ukyanov1
983Lukya
yanov198
1983Luky
anov1983L
yano1983
19Lukan
983Lukan
anovan19
83Lukanov
Lukanova
novan198
3Lukanov
1983Luka
okanovan
19Lukanov
983Lukan
anov1983
83Lukanov
Lukanova
novan198
3Lukanov
1983Luka
okanovan
19Lukanov
983Lukan
anov1983
83Lukanov
Lukanova
novan198
3Lukanov
1983Luka
okanovan
19Lukanov
983Lukan
anov1983
83Lukanov
Lukanova
novan198
3Lukanov
1983Luka
okanovan
19Lukanov
983Lukan
anov1983
83Lukanov
Lukanova
novan198
3Lukanov
1983Luka
okanovan
19Lukanov
983Lukan
anov1983
83Lukanov
Lukanova
maratik
lukano19
v1983mar
iklukano
var1983m
maratik
lukano19
v1983mar
iklukano
var1983m
maratik
lukano19
v1983mar
iklukano
var1983m
maratik
lukano19
v1983mar
iklukanov
var1983m
maratik
lukano19
v1983mar
iklukanov
var1983m
maratik
lukano19
v1983mar
iklukanov
var1983m
maratik
lukano19
v1983mar
iklukanov
var1983m
maratik
lukano19
v1983mar
iklukanov
var1983m
maratik
lukano19
v1983mar
iklukanov
var1983m
maratik
lukano19
v1983mar
iklukanov
var1983m
nadinluk
ianova19
1983nadi
nlukiano
vanova19
nadinluk
ianova19
1983nadi
nlukiano
vanova19
nadinluk
ianova19
1983nadi
nlukiano
vanova19
nadinluk
ianova19
1983nadi
nlukiano
vanova19
nadinluk
ianova19
1983nadi
nlukiano
vanova19
nadinluk
ianova19
1983nadi
nlukiano
vanova19
nadinluk
ianova19
1983nadi
nlukiano
vanova19
nadinluk
ianova19
1983nadi
nlukiano
vanova19
nadinluk
ianova19
1983nadi
nlukiano
vanova19
nadinluk
ianova19
1983nadi
nlukiano
vanova19




